// Jest Snapshot v1, https://goo.gl/fbAQLP

exports[`UserView renders the components 1`] = `
<div>
  <vusersearchform-stub></vusersearchform-stub>
  <vuserprofile-stub user="[object Object]"></vuserprofile-stub>
</div>
`;
